onohiroki@onohirokinoAir github-basic-kadai % mkdir git_challenge
onohiroki@onohirokinoAir github-basic-kadai % ls -la
total 0
drwxr-xr-x@  5 onohiroki  staff  160 11 20 11:25 .
drwxr-xr-x   6 onohiroki  staff  192 11 19 19:37 ..
drwxr-xr-x@ 13 onohiroki  staff  416 11 19 19:51 .git
drwxr-xr-x@  2 onohiroki  staff   64 11 20 11:25 git_challenge
drwxr-xr-x@  3 onohiroki  staff   96 11 19 19:37 kadai_github
onohiroki@onohirokinoAir github-basic-kadai % git init
Reinitialized existing Git repository in /Users/onohiroki/Desktop/samurai課題/github-basic-kadai/.git/
onohiroki@onohirokinoAir github-basic-kadai % git add .
onohiroki@onohirokinoAir github-basic-kadai % cd git_challenge 
onohiroki@onohirokinoAir git_challenge % ls
onohiroki@onohirokinoAir git_challenge % touch hello_world.txt
onohiroki@onohirokinoAir git_challenge % ls
hello_world.txt
onohiroki@onohirokinoAir git_challenge % echo "Hello,world" >> hello_world.txt
onohiroki@onohirokinoAir git_challenge % git commit -m "first commit"                                   
[main 8aa1d5b] first commit
 2 files changed, 2 deletions(-)
 delete mode 100644 git_challenge/hello_world.txt
 delete mode 100644 kadai_005/kadai_005.txt
onohiroki@onohirokinoAir git_challenge % echo "こんにちは、世界! " >> hello_world.txt
onohiroki@onohirokinoAir git_challenge % cat hello_world.txt                         
Hello,world
こんにちは、世界! 
onohiroki@onohirokinoAir git_challenge % git add .                                   
onohiroki@onohirokinoAir git_challenge % git commit -m "secend"                      
[main d94bc40] secend
 1 file changed, 2 insertions(+)
 create mode 100644 git_challenge/hello_world.txt
onohiroki@onohirokinoAir git_challenge % git log
commit d94bc40661b5d7622cb922c3cbe8d35df30817b0 (HEAD -> main)
Author: hiroki1-hub <hiroki1210goo@gmail.com>
Date:   Wed Nov 20 11:35:21 2024 +0900

    secend

commit 8aa1d5b7c42423cd40f2c4d995cb4fc696d100b6
Author: hiroki1-hub <hiroki1210goo@gmail.com>
Date:   Wed Nov 20 11:30:39 2024 +0900

    first commit

